exports[`test Renders correctly 1`] = `
<div
  className="Playlist">
  <span>
    <div
      className="Track">
      <div
        className="Track__inner">
        <h3>
          Tel Aviv
           
          Apparat
        </h3>
        <p>
          Trang Nguyen
        </p>
      </div>
      <img
        alt="Tel Aviv"
        src={undefined} />
    </div>
  </span>
</div>
`;
